Γû▓ Next.js 16.1.4 (Turbopack)
- Environments: .env.local

  Creating an optimized production build ...
Γ£ô Compiled successfully in 5.2s
  Running TypeScript ...
Failed to compile.

./src/components/cards/event-card.tsx:48:41
Type error: Expected 1 arguments, but got 2.

  46 |         <div className="flex items-center gap-3 text-xs font-mono text-muted-foreground">
  47 |           <CalendarDays className="w-4 h-4 text-primary/60" />
> 48 |           <span>{formatDate(event.date, "yyyy-MM-dd")}</span>
     |                                         ^
  49 |         </div>
  50 |         <div className="flex items-center gap-3 text-xs font-mono text-muted-foreground">
  51 |           <MapPin className="w-4 h-4 text-primary/60" />
Next.js build worker exited with code: 1 and signal: null
